[Test] 姝ｅ湪娴嬭瘯 URL: https://github.com/fuwei99/ais2api/raw/main/auth.zip
   鈥?姝ｅ湪涓嬭浇...
   鈥?涓嬭浇鎴愬姛锛?   鈥?姝ｅ湪杩涜绗竴灞傝В鍘?(AES-256)...
node : 鉂?娴嬭瘯澶辫触: Entry
 encrypted
所在位置 行:1 字符: 1
+ node test.js > test_
output.txt 2>&1
+ ~~~~~~~~~~~~~~~~~~~~
~~~~~~~~~~~~~~~
    + CategoryInfo    
          : NotSpeci  
  fied: (鉂?娴嬭瘯澶辫触:    
 Entry encrypted:S    
tring) [], Remote    E
xception
    + FullyQualifiedE 
   rrorId : NativeCo  
  mmandError
 

[Test] 姝ｅ湪娓呯悊涓存椂 ZIP 鏂囦欢...
Error: Entry encrypted
    at FsRead.callback
 (C:\Users\zhishang\De
sktop\project\ais2api\
node_modules\node-stre
am-zip\node_stream_zip
.js:475:30)
    at FsRead.readCall
back (C:\Users\zhishan
g\Desktop\project\ais2
api\node_modules\node-
stream-zip\node_stream
_zip.js:996:25)
    at FSReqCallback.w
rapper [as oncomplete]
 (node:fs:668:5)
[Test] 瀹屾瘯銆傛偍鍙互妫€鏌?'test_auth_output' 鏂囦欢澶规煡鐪嬬粨鏋溿€?
